// Jest Snapshot v1, https://goo.gl/fbAQLP

exports[`Components : Layout : Header : Sub Navigation renders correctly 1`] = `
<div
  className="site-header-tabs headerTabs"
>
  <ul>
    <li>
      <a
        href="https://nyan.cat"
      >
        Another subnav item
      </a>
    </li>
  </ul>
</div>
`;
