// Jest Snapshot v1, https://goo.gl/fbAQLP

exports[`Components : Common: Last updated renders correctly 1`] = `
Array [
  <p
    className="lastUpdated national"
  >
    Data for
     
    Aug 18 2020
     
  </p>,
  <p
    className="lastUpdated"
  >
    State’s dataset was last updated 
     
    Aug 18 2020
     
    <abbr
      aria-label="Eastern Time"
      title="Eastern Time"
    >
      ET
    </abbr>
  </p>,
]
`;
