// Jest Snapshot v1, https://goo.gl/fbAQLP

exports[`Components : Common: Table of Contents renders correctly 1`] = `
<div
  className="container container"
>
  <div
    className="centered narrow"
  >
    <div
      className="tableOfContents"
    >
      <h2>
        Table of contents
      </h2>
      <ul>
        <li>
          <a
            href="#abc-abc"
          >
            abc
            <a
              href="https://covidtracking.com/about-data/faq#where-do-you-get-your-data"
            >
              abc
            </a>
            abc
          </a>
        </li>
        <li>
          <a
            href="#abc-abc"
          >
            abc
            <a
              href="https://covidtracking.com/about-data/faq#why-doesnt-your-data-match-what-i-see-on-the-official-covid-19-page-for-my-state"
            >
              abc
            </a>
            abc
          </a>
        </li>
      </ul>
    </div>
  </div>
</div>
`;
