// Jest Snapshot v1, https://goo.gl/fbAQLP

exports[`Components : Pages : Blog : List renders correctly 1`] = `
<ul
  className="press-list pressList"
>
  <li>
    <cite
      className="title"
    >
      <a
        href="/blog/a"
      >
        Blog list item
      </a>
    </cite>
    <div
      className="byline"
    >
      <p
        className="authorDateContainer"
      >
        By:
         
        <p
          className="author"
        >
          <a
            className="author-inner"
            href="https://twitter.com/test"
          >
            test name
          </a>
           & 
          <span
            className="author-inner"
          >
            another test
          </span>
        </p>
        <span
          className="date"
        >
          August 1, 20202
        </span>
      </p>
    </div>
  </li>
</ul>
`;
