// Jest Snapshot v1, https://goo.gl/fbAQLP

exports[`Components : Pages : Blog : List renders correctly 1`] = `
<ul
  className="press-list pressList"
>
  <li>
    <cite
      className="title"
    >
      <a
        href="/blog/a"
      >
        Blog list item
      </a>
    </cite>
    <div
      className="byline"
    >
      <span
        className="author"
      >
        By:
         
        <a
          className="authorInner"
          href="https://twitter.com/test"
        >
          test name
        </a>
         & 
        <span
          className="authorInner"
        >
          another test
        </span>
      </span>
      <span
        className="date"
      >
        August 1, 20202
      </span>
    </div>
  </li>
</ul>
`;
