// Jest Snapshot v1, https://goo.gl/fbAQLP

exports[`Components : Pages : Homepage : Blog list renders correctly 1`] = `
<div
  className="hero hero"
>
  <div
    className="container container"
  >
    <div
      className="container header"
    >
      <h2
        className="hero-header header"
      >
        The public deserves the most complete data available about COVID-19 in the
         
        <abbr
          aria-label="United States"
          title="United States"
        >
          US
        </abbr>
        . No official source is providing it, so we are.
      </h2>
      <p
        className="hero-paragraph paragraph"
      >
        CDC numbers don't tell the full story. Their official count shows
         
        <span
          className="cdcCount"
        >
          242,576
        </span>
         
        tests to date across the US. Using a rigorous data-collection process, we've counted
         
        <span
          className="ctpCount"
        >
          5,795,728
        </span>
        .
      </p>
    </div>
    <div
      className="chartWrapper"
    >
      <svg
        aria-hidden={true}
        className="chart"
        viewBox="0 0 1260 725"
      >
        <g
          transform="translate(0 0)"
        >
          <rect
            className="chartBar"
            fill="colorHoney400"
            height={0}
            x={2.7078384798099933}
            y={700}
          />
          <rect
            className="chartBar"
            fill="colorHoney400"
            height={0}
            x={29.786223277909755}
            y={700}
          />
          <rect
            className="chartBar"
            fill="colorHoney400"
            height={0.020416666666619676}
            x={56.86460807600952}
            y={699.9795833333334}
          />
          <rect
            className="chartBar"
            fill="colorHoney400"
            height={0.09333333333336213}
            x={83.94299287410928}
            y={699.9066666666666}
          />
          <rect
            className="chartBar"
            fill="colorHoney400"
            height={0.2333333333333485}
            x={111.02137767220904}
            y={699.7666666666667}
          />
          <rect
            className="chartBar"
            fill="colorHoney400"
            height={0.46958333333327573}
            x={138.0997624703088}
            y={699.5304166666667}
          />
          <rect
            className="chartBar"
            fill="colorHoney400"
            height={0.714583333333394}
            x={165.17814726840857}
            y={699.2854166666666}
          />
          <rect
            className="chartBar"
            fill="colorHoney400"
            height={3.120833333333394}
            x={192.25653206650833}
            y={696.8791666666666}
          />
          <rect
            className="chartBar"
            fill="colorHoney400"
            height={1.7237499999999955}
            x={219.3349168646081}
            y={698.27625}
          />
          <rect
            className="chartBar"
            fill="colorHoney400"
            height={2.3187500000000227}
            x={246.41330166270785}
            y={697.68125}
          />
          <rect
            className="chartBar"
            fill="colorHoney400"
            height={2.245833333333394}
            x={273.4916864608076}
            y={697.7541666666666}
          />
          <rect
            className="chartBar"
            fill="colorHoney400"
            height={2.540416666666715}
            x={300.5700712589074}
            y={697.4595833333333}
          />
          <rect
            className="chartBar"
            fill="colorHoney400"
            height={5.238333333333344}
            x={327.64845605700714}
            y={694.7616666666667}
          />
          <rect
            className="chartBar"
            fill="colorHoney400"
            height={7.034999999999968}
            x={354.7268408551069}
            y={692.965}
          />
          <rect
            className="chartBar"
            fill="colorHoney400"
            height={10.931666666666615}
            x={381.80522565320666}
            y={689.0683333333334}
          />
          <rect
            className="chartBar"
            fill="colorHoney400"
            height={14.98291666666671}
            x={408.8836104513064}
            y={685.0170833333333}
          />
          <rect
            className="chartBar"
            fill="colorHoney400"
            height={26.4133333333333}
            x={435.9619952494062}
            y={673.5866666666667}
          />
          <rect
            className="chartBar"
            fill="colorHoney400"
            height={13.177500000000009}
            x={463.04038004750595}
            y={686.8225}
          />
          <rect
            className="chartBar"
            fill="colorHoney400"
            height={22.335833333333312}
            x={490.1187648456057}
            y={677.6641666666667}
          />
          <rect
            className="chartBar"
            fill="colorHoney400"
            height={51.51125000000002}
            x={517.1971496437055}
            y={648.48875}
          />
          <rect
            className="chartBar"
            fill="colorHoney400"
            height={45.526250000000005}
            x={544.2755344418052}
            y={654.47375}
          />
          <rect
            className="chartBar"
            fill="colorHoney400"
            height={71.86374999999998}
            x={571.3539192399049}
            y={628.13625}
          />
          <rect
            className="chartBar"
            fill="colorHoney400"
            height={79.91666666666663}
            x={598.4323040380048}
            y={620.0833333333334}
          />
          <rect
            className="chartBar"
            fill="colorHoney400"
            height={105.46958333333328}
            x={625.5106888361046}
            y={594.5304166666667}
          />
          <rect
            className="chartBar"
            fill="colorHoney400"
            height={130.52958333333333}
            x={652.5890736342043}
            y={569.4704166666667}
          />
          <rect
            className="chartBar"
            fill="colorHoney400"
            height={130.0745833333333}
            x={679.667458432304}
            y={569.9254166666667}
          />
          <rect
            className="chartBar"
            fill="colorHoney400"
            height={166.64375000000007}
            x={706.7458432304038}
            y={533.3562499999999}
          />
          <rect
            className="chartBar"
            fill="colorHoney400"
            height={200.12125000000003}
            x={733.8242280285036}
            y={499.87874999999997}
          />
          <rect
            className="chartBar"
            fill="colorHoney400"
            height={243.50374999999997}
            x={760.9026128266033}
            y={456.49625000000003}
          />
          <rect
            className="chartBar"
            fill="colorHoney400"
            height={293.02000000000004}
            x={787.980997624703}
            y={406.97999999999996}
          />
          <rect
            className="chartBar"
            fill="colorHoney400"
            height={300.6208333333333}
            x={815.0593824228029}
            y={399.3791666666667}
          />
          <rect
            className="chartBar"
            fill="colorHoney400"
            height={304.40083333333337}
            x={842.1377672209027}
            y={395.59916666666663}
          />
          <rect
            className="chartBar"
            fill="colorHoney400"
            height={258.94166666666666}
            x={869.2161520190024}
            y={441.05833333333334}
          />
          <rect
            className="chartBar"
            fill="colorHoney400"
            height={342.5625}
            x={896.2945368171021}
            y={357.4375}
          />
          <rect
            className="chartBar"
            fill="colorHoney400"
            height={324.0241666666667}
            x={923.3729216152019}
            y={375.9758333333333}
          />
          <rect
            className="chartBar"
            fill="colorHoney400"
            height={313.7808333333333}
            x={950.4513064133017}
            y={386.2191666666667}
          />
          <rect
            className="chartBar"
            fill="colorHoney400"
            height={344.23375}
            x={977.5296912114014}
            y={355.76625}
          />
          <rect
            className="chartBar"
            fill="colorHoney400"
            height={385.6766666666667}
            x={1004.6080760095011}
            y={314.3233333333333}
          />
          <rect
            className="chartBar"
            fill="colorHoney400"
            height={667.3245833333333}
            x={1031.6864608076012}
            y={32.6754166666667}
          />
          <rect
            className="chartBar"
            fill="colorHoney400"
            height={349.0054166666667}
            x={1058.7648456057009}
            y={350.9945833333333}
          />
          <rect
            className="chartBar"
            fill="colorHoney400"
            height={439.6291666666667}
            x={1085.8432304038006}
            y={260.3708333333333}
          />
          <rect
            className="chartBar"
            fill="colorHoney400"
            height={445.50625}
            x={1112.9216152019003}
            y={254.49375}
          />
        </g>
        <g
          transform="translate(0 0)"
        >
          <rect
            className="chartBar"
            fill="white"
            height={0.32083333333332575}
            x={2.7078384798099933}
            y={699.6791666666667}
          />
          <rect
            className="chartBar"
            fill="white"
            height={0.5920833333333348}
            x={29.786223277909755}
            y={699.4079166666667}
          />
          <rect
            className="chartBar"
            fill="white"
            height={0.7758333333333667}
            x={56.86460807600952}
            y={699.2241666666666}
          />
          <rect
            className="chartBar"
            fill="white"
            height={1.082083333333344}
            x={83.94299287410928}
            y={698.9179166666667}
          />
          <rect
            className="chartBar"
            fill="white"
            height={0.8516666666666879}
            x={111.02137767220904}
            y={699.1483333333333}
          />
          <rect
            className="chartBar"
            fill="white"
            height={1.9512500000000728}
            x={138.0997624703088}
            y={698.0487499999999}
          />
          <rect
            className="chartBar"
            fill="white"
            height={2.6045833333332666}
            x={165.17814726840857}
            y={697.3954166666667}
          />
          <rect
            className="chartBar"
            fill="white"
            height={3.747916666666697}
            x={192.25653206650833}
            y={696.2520833333333}
          />
          <rect
            className="chartBar"
            fill="white"
            height={5.028333333333308}
            x={219.3349168646081}
            y={694.9716666666667}
          />
          <rect
            className="chartBar"
            fill="white"
            height={5.766250000000014}
            x={246.41330166270785}
            y={694.23375}
          />
          <rect
            className="chartBar"
            fill="white"
            height={4.427500000000009}
            x={273.4916864608076}
            y={695.5725}
          />
          <rect
            className="chartBar"
            fill="white"
            height={4.862083333333317}
            x={300.5700712589074}
            y={695.1379166666667}
          />
          <rect
            className="chartBar"
            fill="white"
            height={9.77374999999995}
            x={327.64845605700714}
            y={690.22625}
          />
          <rect
            className="chartBar"
            fill="white"
            height={10.357083333333321}
            x={354.7268408551069}
            y={689.6429166666667}
          />
          <rect
            className="chartBar"
            fill="white"
            height={12.722500000000082}
            x={381.80522565320666}
            y={687.2774999999999}
          />
          <rect
            className="chartBar"
            fill="white"
            height={18.039583333333326}
            x={408.8836104513064}
            y={681.9604166666667}
          />
          <rect
            className="chartBar"
            fill="white"
            height={19.970416666666665}
            x={435.9619952494062}
            y={680.0295833333333}
          />
          <rect
            className="chartBar"
            fill="white"
            height={17.817916666666633}
            x={463.04038004750595}
            y={682.1820833333334}
          />
          <rect
            className="chartBar"
            fill="white"
            height={17.00999999999999}
            x={490.1187648456057}
            y={682.99}
          />
          <rect
            className="chartBar"
            fill="white"
            height={32.033750000000055}
            x={517.1971496437055}
            y={667.96625}
          />
          <rect
            className="chartBar"
            fill="white"
            height={32.54416666666668}
            x={544.2755344418052}
            y={667.4558333333333}
          />
          <rect
            className="chartBar"
            fill="white"
            height={30.126249999999914}
            x={571.3539192399049}
            y={669.8737500000001}
          />
          <rect
            className="chartBar"
            fill="white"
            height={29.27458333333334}
            x={598.4323040380048}
            y={670.7254166666667}
          />
          <rect
            className="chartBar"
            fill="white"
            height={27.956249999999955}
            x={625.5106888361046}
            y={672.04375}
          />
          <rect
            className="chartBar"
            fill="white"
            height={15.881250000000023}
            x={652.5890736342043}
            y={684.11875}
          />
          <rect
            className="chartBar"
            fill="white"
            height={13.976666666666688}
            x={679.667458432304}
            y={686.0233333333333}
          />
          <rect
            className="chartBar"
            fill="white"
            height={25.634583333333353}
            x={706.7458432304038}
            y={674.3654166666666}
          />
          <rect
            className="chartBar"
            fill="white"
            height={25.35749999999996}
            x={733.8242280285036}
            y={674.6425}
          />
          <rect
            className="chartBar"
            fill="white"
            height={26.46875}
            x={760.9026128266033}
            y={673.53125}
          />
          <rect
            className="chartBar"
            fill="white"
            height={27.515833333333262}
            x={787.980997624703}
            y={672.4841666666667}
          />
          <rect
            className="chartBar"
            fill="white"
            height={27.623749999999973}
            x={815.0593824228029}
            y={672.37625}
          />
          <rect
            className="chartBar"
            fill="white"
            height={18.048333333333403}
            x={842.1377672209027}
            y={681.9516666666666}
          />
          <rect
            className="chartBar"
            fill="white"
            height={15.262916666666683}
            x={869.2161520190024}
            y={684.7370833333333}
          />
          <rect
            className="chartBar"
            fill="white"
            height={31.546666666666738}
            x={896.2945368171021}
            y={668.4533333333333}
          />
          <rect
            className="chartBar"
            fill="white"
            height={32.38083333333327}
            x={923.3729216152019}
            y={667.6191666666667}
          />
          <rect
            className="chartBar"
            fill="white"
            height={30.47625000000005}
            x={950.4513064133017}
            y={669.52375}
          />
          <rect
            className="chartBar"
            fill="white"
            height={33.26750000000004}
            x={977.5296912114014}
            y={666.7325}
          />
          <rect
            className="chartBar"
            fill="white"
            height={32.02791666666667}
            x={1004.6080760095011}
            y={667.9720833333333}
          />
          <rect
            className="chartBar"
            fill="white"
            height={17.68083333333334}
            x={1031.6864608076012}
            y={682.3191666666667}
          />
          <rect
            className="chartBar"
            fill="white"
            height={16.519999999999982}
            x={1058.7648456057009}
            y={683.48}
          />
          <rect
            className="chartBar"
            fill="white"
            height={17.80916666666667}
            x={1085.8432304038006}
            y={682.1908333333333}
          />
          <rect
            className="chartBar"
            fill="white"
            height={1.3679166666667015}
            x={1112.9216152019003}
            y={698.6320833333333}
          />
        </g>
        <g
          className="chartYAxis"
          transform="translate(0 0)"
        >
          <g>
            <line
              className="chartLine"
              x1={0}
              x2={1140}
              y1={554.1666666666666}
              y2={554.1666666666666}
            />
            <svg
              className="chartLegend"
              x={1200}
              y={560.1666666666666}
            >
              <text
                x="0"
                y="0"
              >
                50,000
              </text>
            </svg>
          </g>
          <g>
            <line
              className="chartLine"
              x1={0}
              x2={1140}
              y1={408.33333333333326}
              y2={408.33333333333326}
            />
            <svg
              className="chartLegend"
              x={1200}
              y={414.33333333333326}
            >
              <text
                x="0"
                y="0"
              >
                100,000
              </text>
            </svg>
          </g>
          <g>
            <line
              className="chartLine"
              x1={0}
              x2={1140}
              y1={262.5}
              y2={262.5}
            />
            <svg
              className="chartLegend"
              x={1200}
              y={268.5}
            >
              <text
                x="0"
                y="0"
              >
                150,000
              </text>
            </svg>
          </g>
        </g>
        <g
          className="chartXAxis"
          transform="translate(0, 0)"
        >
          <text
            className="chartLegend"
            style={
              Object {
                "fill": "white",
              }
            }
            x={111.02137767220904}
            y={720}
          >
            March
          </text>
          <text
            className="chartLegend"
            style={
              Object {
                "fill": "white",
              }
            }
            x={950.4513064133017}
            y={720}
          >
            April
          </text>
        </g>
      </svg>
    </div>
  </div>
</div>
`;
