// Jest Snapshot v1, https://goo.gl/fbAQLP

exports[`Components : Pages : Homepage : Blog list renders correctly 1`] = `
<div
  className="hero hero"
>
  <div
    className="container container"
  >
    <div
      className="container header"
    >
      <h2
        className="hero-header header"
      >
        The public deserves the most complete data available about COVID-19 in the
         
        <abbr
          aria-label="United States"
          title="United States"
        >
          US
        </abbr>
        . No official source is providing it,
         
        <span
          className="nowrap"
        >
          so we are
        </span>
        .
      </h2>
    </div>
  </div>
</div>
`;
