// Jest Snapshot v1, https://goo.gl/fbAQLP

exports[`Components : Pages : Homepage : Blog list renders correctly 1`] = `
<div
  className="hero hero"
>
  <div
    className="container"
  >
    <h2>
      The public deserves the most complete data available about
       
      <span
        className="nowrap"
      >
        COVID-19
      </span>
       in the
       
      <abbr
        aria-label="United States"
        title="United States"
      >
        US
      </abbr>
      . No official source is providing it,
       
      <span
        className="nowrap"
      >
        so we are
      </span>
      .
    </h2>
  </div>
</div>
`;
