// Jest Snapshot v1, https://goo.gl/fbAQLP

exports[`Components : Pages : Data : State data renders correctly 1`] = `
<div
  className="module"
  id="state-list-AL"
>
  <div
    className="state-header header"
  >
    <h3
      id="state-al"
    >
      <a
        href="/data/state/alabama"
      >
        Alabama
      </a>
    </h3>
    <p
      className="state-grade stateGrade"
    >
      <span>
        Current
         
        <a
          href="/about-data#state-data-quality-grades"
        >
          data quality grade
        </a>
        :
      </span>
      <img
        alt="Grade na"
        src="test-file-stub"
        width="28px"
      />
    </p>
  </div>
  <div>
    <table
      className="table"
    >
      <colgroup
        span="3"
      />
      <colgroup
        span="2"
      />
      <colgroup
        span="2"
      />
      <colgroup
        span="2"
      />
      <colgroup
        span="2"
      />
      <colgroup
        span="1"
      />
      <thead>
        <tr>
          <th
            colSpan="3"
            scope="colgroup"
          >
            Tests
          </th>
          <th
            colSpan="2"
            scope="colgroup"
          >
            Hospitalized
          </th>
          <th
            colSpan="2"
            scope="colgroup"
          >
            In ICU
          </th>
          <th
            colSpan="2"
            scope="colgroup"
          >
            On Ventilator
          </th>
          <th
            colSpan="2"
            scope="colgroup"
          >
            Outcomes
          </th>
          <th
            scope="colgroup"
          >
            Total Test Results
          </th>
        </tr>
        <tr>
          <th
            className="alignLeft"
            scope="col"
          >
            Positive
          </th>
          <th
            scope="col"
          >
            Negative
          </th>
          <th
            scope="col"
          >
            Pending
          </th>
          <th
            className="alignLeft"
            scope="col"
          >
            Currently
          </th>
          <th
            scope="col"
          >
            Cumulative
          </th>
          <th
            className="alignLeft"
            scope="col"
          >
            Currently
          </th>
          <th
            scope="col"
          >
            Cumulative
          </th>
          <th
            className="alignLeft"
            scope="col"
          >
            Currently
          </th>
          <th
            scope="col"
          >
            Cumulative
          </th>
          <th
            className="alignLeft"
            scope="col"
          >
            Recovered
          </th>
          <th
            scope="col"
          >
            Deaths
          </th>
          <th
            className="alignLeft"
            scope="col"
          >
            Positive + Negative
          </th>
        </tr>
      </thead>
      <tbody>
        <tr>
          <td>
            4,572
          </td>
          <td>
            33,318
          </td>
          <td>
            N/A
          </td>
          <td>
            N/A
          </td>
          <td>
            594
          </td>
          <td>
            N/A
          </td>
          <td>
            247
          </td>
          <td>
            N/A
          </td>
          <td>
            148
          </td>
          <td>
            N/A
          </td>
          <td>
            151
          </td>
          <td>
            37,890
          </td>
        </tr>
      </tbody>
    </table>
    <div
      className="detail-text detailText"
    >
      Last updated: 
      Fri Apr 17 2020 12:00 am
       
      <abbr
        aria-label="Eastern Standard Time"
        title="Eastern Standard Time"
      >
        EST
      </abbr>
    </div>
  </div>
  <ul
    className="list-unstyled listUnstyled"
  >
    <li>
      <a
        href="https://twitter.com/@alpublichealth"
      >
        Alabama
         on Twitter
      </a>
    </li>
    <li>
      <a
        href="https://alpublichealth.maps.arcgis.com/apps/opsdashboard/index.html#/6d2771faa9da4a2786a509d82c8cf0f7"
      >
        Best current data source for 
        Alabama
      </a>
    </li>
    <li>
      <a
        href="/data/state/alabama#historical"
      >
        Historical data for 
        Alabama
      </a>
    </li>
  </ul>
  <div
    className="module-content notes"
    dangerouslySetInnerHTML={
      Object {
        "__html": "<p>Negatives = (Totals - Positives) 
Positives occasionally update before totals do; do not revise negatives down, keep the last calculated negative.
Last Updated (Local Time) = (current date + time = 00:00)</p>
",
      }
    }
  />
  <a
    className="state-top-link topLink"
    href="#reach-skip-nav"
    title="top"
  >
    Back to top.
  </a>
</div>
`;
