// Jest Snapshot v1, https://goo.gl/fbAQLP

exports[`Components : Pages : State : State links renders correctly 1`] = `
<div
  className="container"
>
  <a
    className="link"
    href="https://example.com"
  >
    <span>
      Best current data source
    </span>
  </a>
  <a
    className="link"
    href="https://example.com2"
  >
    <span>
      Secondary data source
    </span>
  </a>
  <a
    className="link"
    href="https://twitter.com/california-covid"
  >
    <span
      className="a11y-only"
    >
      California
      's 
    </span>
    Official Twitter
  </a>
  <a
    className="link"
    href="/data/state/undefined/history"
  >
    Full history
  </a>
  <a
    className="link"
    href="/data/state/undefined/screenshots"
  >
    <span>
      View screenshots
    </span>
  </a>
</div>
`;

exports[`Components : Pages : State : State links renders correctly 2`] = `
<div
  className="container"
>
  <a
    className="link"
    href="https://example.com"
  >
    <span>
      Best current data source
    </span>
  </a>
  <a
    className="link"
    href="https://example.com2"
  >
    <span>
      Secondary data source
    </span>
  </a>
  <a
    className="link"
    href="https://twitter.com/california-covid"
  >
    <span
      className="a11y-only"
    >
      California
      's 
    </span>
    Official Twitter
  </a>
  <a
    className="link"
    href="/data/state/undefined/history"
  >
    Full history
  </a>
  <a
    className="link"
    href="/data/state/undefined/screenshots"
  >
    <span>
      View screenshots
    </span>
  </a>
</div>
`;
